---
source: src/test.rs
expression: "snapshot! { match () { mb!(&**(mb!(&**(mb!(&**x),)), mb!(&**y))) => {} } }"
---
fn main() {
    match () {
        a3 if {
            #[allow(unused_variables)]
            {
                #[allow(clippy::match_like_matches_macro)]
                if let (a1, a2) = &**a3 {
                    {
                        #[allow(clippy::match_like_matches_macro)]
                        if let y = &**a2 {
                            {
                                #[allow(clippy::match_like_matches_macro)]
                                if let (a0,) = &**a1 {
                                    {
                                        #[allow(clippy::match_like_matches_macro)]
                                        if let x = &**a0 { true } else { false }
                                    }
                                } else {
                                    false
                                }
                            }
                        } else {
                            false
                        }
                    }
                } else {
                    false
                }
            }
        } => {
            #[allow(clippy::match_like_matches_macro)]
            if let (a1, a2) = &**a3 {
                {
                    #[allow(clippy::match_like_matches_macro)]
                    if let y = &**a2 {
                        {
                            #[allow(clippy::match_like_matches_macro)]
                            if let (a0,) = &**a1 {
                                {
                                    #[allow(clippy::match_like_matches_macro)]
                                    if let x = &**a0 {
                                        {}
                                    } else {
                                        ::core::panic!(
                                            "Two invocations of Deref::deref returned different outputs on same inputs",
                                        )
                                    }
                                }
                            } else {
                                ::core::panic!(
                                    "Two invocations of Deref::deref returned different outputs on same inputs",
                                )
                            }
                        }
                    } else {
                        ::core::panic!(
                            "Two invocations of Deref::deref returned different outputs on same inputs",
                        )
                    }
                }
            } else {
                ::core::panic!(
                    "Two invocations of Deref::deref returned different outputs on same inputs",
                )
            }
        }
    }
}
