---
source: src/test.rs
expression: "snapshot! { match () { mb!(&**x) if x == x => () } }"
---
fn main() {
    match () {
        a0 if {
            #[allow(unused_variables)]
            {
                #[allow(clippy::match_like_matches_macro)]
                if let x = &**a0 { x == x } else { false }
            }
        } => {
            #[allow(clippy::match_like_matches_macro)]
            if let x = &**a0 {
                ()
            } else {
                ::core::panic!(
                    "Two invocations of Deref::deref returned different outputs on same inputs",
                )
            }
        }
    }
}
