---
source: src/test.rs
expression: "snapshot! { match () { Deref @ x if x == x => () } }"
---
fn main() {
    match () {
        a0 if {
            #[allow(unused_variables)] if let x = &**a0 { x == x } else { false }
        } => {
            if let x = &**a0 {
                ()
            } else {
                panic!(
                    "Two invocations of Deref::deref returned different outputs on same inputs",
                )
            }
        }
    }
}
