---
source: src/test.rs
expression: "snapshot!\n{ match Box::new(Box::new(5)) { mb!(&**mb!(&**x)) => x, _ => panic!() } }"
---
fn main() {
    match Box::new(Box::new(5)) {
        a1 if {
            #[allow(unused_variables)]
            if let a0 = &**a1 { if let x = &**a0 { true } else { false } } else { false }
        } => {
            if let a0 = &**a1 {
                if let x = &**a0 {
                    x
                } else {
                    panic!(
                        "Two invocations of Deref::deref returned different outputs on same inputs",
                    )
                }
            } else {
                panic!(
                    "Two invocations of Deref::deref returned different outputs on same inputs",
                )
            }
        }
        _ => panic!(),
    }
}
